=== REPLICATION OF THE 2023 THESIS ===
R version: R version 4.6.1 (2026-06-24 ucrt) 
Run date: 2026-09-12 02:51:47 

--- M ANOVA_RM.csv ---
Observations: 1473  | subjects: 491 

--- aov(y_i ~ i_name*x_i_name*n_name + Error(lfdn)) [as in the thesis] ---

Error: lfdn
         Df Sum Sq Mean Sq
x_i_name  1  7.288   7.288

Error: Within
                         Df Sum Sq Mean Sq F value   Pr(>F)    
i_name                    2    208  104.08  42.187  < 2e-16 ***
x_i_name                  1    150  150.10  60.841 1.17e-14 ***
n_name                    2     12    5.84   2.369   0.0940 .  
i_name:x_i_name           2     51   25.37  10.284 3.67e-05 ***
i_name:n_name             4     22    5.42   2.195   0.0674 .  
x_i_name:n_name           2     19    9.36   3.794   0.0227 *  
i_name:x_i_name:n_name    4     26    6.62   2.681   0.0302 *  
Residuals              1454   3587    2.47                     
---
Signif. codes:  0 '***' 0.001 '**' 0.01 '*' 0.05 '.' 0.1 ' ' 1

--- Equivalent lm ---

Call:
lm(formula = y_i ~ i_name * x_i_name * n_name, data = anova_dat)

Residuals:
    Min      1Q  Median      3Q     Max 
-4.6190 -1.1392  0.2857  1.2857  3.5660 

Coefficients:
                                   Estimate Std. Error t value Pr(>|t|)    
(Intercept)                         5.61905    0.17156  32.753  < 2e-16 ***
i_namepop                          -0.64010    0.23550  -2.718 0.006644 ** 
i_namerep                          -1.27238    0.24980  -5.094 3.97e-07 ***
x_i_namelow                        -1.48861    0.25547  -5.827 6.94e-09 ***
n_namesecond                       -0.15589    0.23550  -0.662 0.508098    
n_namethird                        -0.41126    0.24808  -1.658 0.097578 .  
i_namepop:x_i_namelow               1.14796    0.34292   3.348 0.000836 ***
i_namerep:x_i_namelow               1.04735    0.36282   2.887 0.003951 ** 
i_namepop:n_namesecond             -0.68382    0.33583  -2.036 0.041909 *  
i_namerep:n_namesecond              0.11059    0.34970   0.316 0.751859    
i_namepop:n_namethird              -0.01975    0.34848  -0.057 0.954819    
i_namerep:n_namethird               0.75348    0.34925   2.157 0.031138 *  
x_i_namelow:n_namesecond            0.73974    0.34418   2.149 0.031775 *  
x_i_namelow:n_namethird             0.72082    0.36102   1.997 0.046055 *  
i_namepop:x_i_namelow:n_namesecond -0.02583    0.48269  -0.054 0.957328    
i_namerep:x_i_namelow:n_namesecond -0.87382    0.50256  -1.739 0.082294 .  
i_namepop:x_i_namelow:n_namethird  -0.74240    0.50185  -1.479 0.139268    
i_namerep:x_i_namelow:n_namethird  -1.53449    0.49750  -3.084 0.002078 ** 
---
Signif. codes:  0 '***' 0.001 '**' 0.01 '*' 0.05 '.' 0.1 ' ' 1

Residual standard error: 1.572 on 1455 degrees of freedom
Multiple R-squared:  0.1187,	Adjusted R-squared:  0.1084 
F-statistic: 11.53 on 17 and 1455 DF,  p-value: < 2.2e-16



=== M1_rep (M1_rep.csv, rows in file = 149) ===

Call:
lm(formula = sp$f, data = d)

Residuals:
    Min      1Q  Median      3Q     Max 
-3.9105 -1.1526  0.2178  1.1694  3.2468 

Coefficients:
                 Estimate Std. Error t value Pr(>|t|)    
(Intercept)       3.86914    0.18683  20.710   <2e-16 ***
x_rep             0.49862    0.26259   1.899   0.0596 .  
inv_app_mc        0.09502    0.17658   0.538   0.5914    
inv_dl_mc        -0.21222    0.15674  -1.354   0.1779    
inv_cat_mc        0.35115    0.20204   1.738   0.0844 .  
x_rep:inv_app_mc  0.21720    0.26755   0.812   0.4183    
x_rep:inv_dl_mc   0.38614    0.23255   1.660   0.0990 .  
x_rep:inv_cat_mc -0.10643    0.27486  -0.387   0.6992    
---
Signif. codes:  0 '***' 0.001 '**' 0.01 '*' 0.05 '.' 0.1 ' ' 1

Residual standard error: 1.591 on 141 degrees of freedom
Multiple R-squared:  0.09523,	Adjusted R-squared:  0.05031 
F-statistic:  2.12 on 7 and 141 DF,  p-value: 0.04518



=== M1_pop (M1_pop.csv, rows in file = 189) ===

Call:
lm(formula = sp$f, data = d)

Residuals:
    Min      1Q  Median      3Q     Max 
-4.4155 -0.8397  0.1636  1.0543  2.7545 

Coefficients:
                 Estimate Std. Error t value Pr(>|t|)    
(Intercept)       4.63458    0.15161  30.568   <2e-16 ***
x_pop             0.36110    0.21478   1.681   0.0944 .  
inv_app_mc        0.35810    0.16063   2.229   0.0270 *  
inv_dl_mc        -0.22919    0.12348  -1.856   0.0651 .  
inv_cat_mc        0.22163    0.14454   1.533   0.1269    
x_pop:inv_app_mc -0.05790    0.23277  -0.249   0.8039    
x_pop:inv_dl_mc   0.10327    0.16633   0.621   0.5354    
x_pop:inv_cat_mc  0.06545    0.20051   0.326   0.7445    
---
Signif. codes:  0 '***' 0.001 '**' 0.01 '*' 0.05 '.' 0.1 ' ' 1

Residual standard error: 1.468 on 181 degrees of freedom
Multiple R-squared:  0.139,	Adjusted R-squared:  0.1057 
F-statistic: 4.174 on 7 and 181 DF,  p-value: 0.0002763



=== M1_brand (M1_brand.csv, rows in file = 153) ===

Call:
lm(formula = sp$f, data = d)

Residuals:
    Min      1Q  Median      3Q     Max 
-4.0868 -0.6064  0.0746  0.8707  3.1163 

Coefficients:
                   Estimate Std. Error t value Pr(>|t|)    
(Intercept)         4.13417    0.17373  23.797  < 2e-16 ***
x_brand             1.52889    0.23554   6.491 1.27e-09 ***
inv_app_mc          0.23275    0.15521   1.500   0.1359    
inv_dl_mc          -0.09778    0.13349  -0.733   0.4650    
inv_cat_mc         -0.04189    0.15636  -0.268   0.7892    
x_brand:inv_app_mc  0.24104    0.21184   1.138   0.2571    
x_brand:inv_dl_mc  -0.03326    0.17832  -0.187   0.8523    
x_brand:inv_cat_mc  0.40013    0.23065   1.735   0.0849 .  
---
Signif. codes:  0 '***' 0.001 '**' 0.01 '*' 0.05 '.' 0.1 ' ' 1

Residual standard error: 1.418 on 145 degrees of freedom
Multiple R-squared:  0.2885,	Adjusted R-squared:  0.2542 
F-statistic:   8.4 on 7 and 145 DF,  p-value: 1.332e-08



=== M2_rep (M2_rep.csv, rows in file = 196) ===

Call:
lm(formula = sp$f, data = d)

Residuals:
    Min      1Q  Median      3Q     Max 
-4.1132 -1.2387  0.0542  1.2266  3.8925 

Coefficients:
                 Estimate Std. Error t value Pr(>|t|)    
(Intercept)       3.69158    0.26951  13.697  < 2e-16 ***
x_rep             1.33507    0.41115   3.247  0.00139 ** 
x_brand          -0.30136    0.31366  -0.961  0.33792    
x_pop            -0.21677    0.31337  -0.692  0.48998    
inv_app_mc       -0.01990    0.15111  -0.132  0.89538    
inv_dl_mc         0.04958    0.11528   0.430  0.66766    
inv_cat_mc        0.12016    0.14256   0.843  0.40038    
x_rep:x_brand     0.16603    0.46738   0.355  0.72282    
x_rep:x_pop      -0.37078    0.46066  -0.805  0.42193    
x_rep:inv_app_mc  0.28639    0.22414   1.278  0.20294    
x_rep:inv_dl_mc  -0.14902    0.17801  -0.837  0.40358    
x_rep:inv_cat_mc  0.18534    0.21138   0.877  0.38174    
---
Signif. codes:  0 '***' 0.001 '**' 0.01 '*' 0.05 '.' 0.1 ' ' 1

Residual standard error: 1.598 on 184 degrees of freedom
Multiple R-squared:  0.1874,	Adjusted R-squared:  0.1388 
F-statistic: 3.858 on 11 and 184 DF,  p-value: 5.093e-05



=== M2_pop (M2_pop.csv, rows in file = 143) ===

Call:
lm(formula = sp$f, data = d)

Residuals:
    Min      1Q  Median      3Q     Max 
-3.9224 -1.0024 -0.1072  1.2195  3.1306 

Coefficients:
                 Estimate Std. Error t value Pr(>|t|)    
(Intercept)       4.14837    0.30527  13.589  < 2e-16 ***
x_pop             0.53397    0.46800   1.141  0.25597    
x_brand          -0.18598    0.37590  -0.495  0.62159    
x_rep             0.25362    0.37742   0.672  0.50277    
inv_app_mc       -0.18401    0.20203  -0.911  0.36409    
inv_dl_mc        -0.25270    0.15050  -1.679  0.09552 .  
inv_cat_mc        0.51847    0.19119   2.712  0.00759 ** 
x_pop:x_brand     0.39159    0.54648   0.717  0.47491    
x_pop:x_rep      -0.74373    0.53923  -1.379  0.17017    
x_pop:inv_app_mc  0.57307    0.26890   2.131  0.03494 *  
x_pop:inv_dl_mc   0.08568    0.22437   0.382  0.70318    
x_pop:inv_cat_mc -0.42987    0.27914  -1.540  0.12598    
---
Signif. codes:  0 '***' 0.001 '**' 0.01 '*' 0.05 '.' 0.1 ' ' 1

Residual standard error: 1.547 on 131 degrees of freedom
Multiple R-squared:  0.1417,	Adjusted R-squared:  0.06958 
F-statistic: 1.965 on 11 and 131 DF,  p-value: 0.03681



=== M2_brand (M2_brand.csv, rows in file = 152) ===

Call:
lm(formula = sp$f, data = d)

Residuals:
    Min      1Q  Median      3Q     Max 
-4.1943 -0.9426  0.0710  0.9911  2.9093 

Coefficients:
                    Estimate Std. Error t value Pr(>|t|)    
(Intercept)         4.341602   0.333232  13.029   <2e-16 ***
x_brand             1.034683   0.432264   2.394   0.0180 *  
x_rep              -0.285980   0.360243  -0.794   0.4286    
x_pop               0.406845   0.363070   1.121   0.2644    
inv_app_mc         -0.188448   0.183269  -1.028   0.3056    
inv_dl_mc          -0.034777   0.139169  -0.250   0.8030    
inv_cat_mc          0.287315   0.173767   1.653   0.1005    
x_brand:x_rep       0.251013   0.507205   0.495   0.6215    
x_brand:x_pop      -0.676553   0.511097  -1.324   0.1878    
x_brand:inv_app_mc  0.540929   0.260608   2.076   0.0398 *  
x_brand:inv_dl_mc  -0.071512   0.193776  -0.369   0.7127    
x_brand:inv_cat_mc  0.006635   0.253132   0.026   0.9791    
---
Signif. codes:  0 '***' 0.001 '**' 0.01 '*' 0.05 '.' 0.1 ' ' 1

Residual standard error: 1.515 on 140 degrees of freedom
Multiple R-squared:  0.1533,	Adjusted R-squared:  0.08682 
F-statistic: 2.305 on 11 and 140 DF,  p-value: 0.01258



=== M3_rep (M3_rep.csv, rows in file = 491) ===

Call:
lm(formula = sp$f, data = d)

Residuals:
    Min      1Q  Median      3Q     Max 
-4.0435 -1.4380  0.1759  1.2941  3.7320 

Coefficients:
                  Estimate Std. Error t value Pr(>|t|)    
(Intercept)       3.906095   0.190949  20.456   <2e-16 ***
x_rep             0.457599   0.268971   1.701   0.0895 .  
inv_app_mc       -0.028741   0.099168  -0.290   0.7721    
inv_dl_mc         0.008458   0.080334   0.105   0.9162    
inv_cat_mc        0.106364   0.099436   1.070   0.2853    
comp_rep         -0.353854   0.227152  -1.558   0.1199    
x_rep:inv_app_mc  0.278238   0.146581   1.898   0.0583 .  
x_rep:inv_dl_mc  -0.004344   0.116336  -0.037   0.9702    
x_rep:inv_cat_mc  0.200011   0.142551   1.403   0.1612    
x_rep:comp_rep    0.510013   0.322484   1.582   0.1144    
---
Signif. codes:  0 '***' 0.001 '**' 0.01 '*' 0.05 '.' 0.1 ' ' 1

Residual standard error: 1.639 on 481 degrees of freedom
Multiple R-squared:  0.098,	Adjusted R-squared:  0.08112 
F-statistic: 5.807 on 9 and 481 DF,  p-value: 1.092e-07



=== M3_pop (M3_pop.csv, rows in file = 491) ===

Call:
lm(formula = sp$f, data = d)

Residuals:
    Min      1Q  Median      3Q     Max 
-4.3911 -0.9612  0.1040  1.0687  3.4066 

Coefficients:
                 Estimate Std. Error t value Pr(>|t|)    
(Intercept)       4.64269    0.15454  30.041  < 2e-16 ***
x_pop             0.36773    0.21838   1.684  0.09285 .  
inv_app_mc        0.10192    0.09446   1.079  0.28113    
inv_dl_mc        -0.16296    0.07627  -2.137  0.03312 *  
inv_cat_mc        0.29048    0.09247   3.141  0.00178 ** 
comp_pop         -0.28259    0.19705  -1.434  0.15220    
x_pop:inv_app_mc  0.29718    0.13356   2.225  0.02654 *  
x_pop:inv_dl_mc   0.00806    0.10656   0.076  0.93974    
x_pop:inv_cat_mc -0.11139    0.13035  -0.854  0.39326    
x_pop:comp_pop   -0.39837    0.27846  -1.431  0.15320    
---
Signif. codes:  0 '***' 0.001 '**' 0.01 '*' 0.05 '.' 0.1 ' ' 1

Residual standard error: 1.498 on 481 degrees of freedom
Multiple R-squared:  0.1056,	Adjusted R-squared:  0.08885 
F-statistic: 6.309 on 9 and 481 DF,  p-value: 1.84e-08



=== M3_brand (M3_brand.csv, rows in file = 491) ===

Call:
lm(formula = sp$f, data = d)

Residuals:
    Min      1Q  Median      3Q     Max 
-5.5595 -0.8176  0.2703  1.0268  3.0301 

Coefficients:
                    Estimate Std. Error t value Pr(>|t|)    
(Intercept)         4.118051   0.178167  23.113  < 2e-16 ***
x_brand             1.502819   0.240948   6.237 9.77e-10 ***
inv_app_mc          0.083030   0.093585   0.887   0.3754    
inv_dl_mc          -0.004562   0.077751  -0.059   0.9532    
inv_cat_mc          0.067097   0.089394   0.751   0.4533    
comp_brand          0.473583   0.211797   2.236   0.0258 *  
x_brand:inv_app_mc  0.214755   0.131852   1.629   0.1040    
x_brand:inv_dl_mc  -0.174237   0.105738  -1.648   0.1000    
x_brand:inv_cat_mc  0.158655   0.128399   1.236   0.2172    
x_brand:comp_brand -0.745391   0.289854  -2.572   0.0104 *  
---
Signif. codes:  0 '***' 0.001 '**' 0.01 '*' 0.05 '.' 0.1 ' ' 1

Residual standard error: 1.473 on 481 degrees of freedom
Multiple R-squared:  0.1555,	Adjusted R-squared:  0.1397 
F-statistic: 9.843 on 9 and 481 DF,  p-value: 6.803e-14



=== FIT SUMMARY ===
            model n_rows_file n_used      r2  adj_r2 f_stat df1 df2  f_pvalue sigma manip_check_pct
M1_rep     M1_rep         149    149 0.09523 0.05031  2.120   7 141 4.518e-02 1.591           75.84
M1_pop     M1_pop         189    189 0.13898 0.10568  4.174   7 181 2.763e-04 1.468           62.43
M1_brand M1_brand         153    153 0.28851 0.25416  8.400   7 145 1.332e-08 1.418           68.63
M2_rep     M2_rep         196    196 0.18742 0.13884  3.858  11 184 5.093e-05 1.598           79.08
M2_pop     M2_pop         143    143 0.14165 0.06958  1.965  11 131 3.681e-02 1.547           55.94
M2_brand M2_brand         152    152 0.15334 0.08682  2.305  11 140 1.258e-02 1.515           63.16
M3_rep     M3_rep         491    491 0.09800 0.08112  5.807   9 481 1.092e-07 1.639           77.19
M3_pop     M3_pop         491    491 0.10558 0.08885  6.309   9 481 1.840e-08 1.498           60.49
M3_brand M3_brand         491    491 0.15552 0.13972  9.843   9 481 6.803e-14 1.473           67.41


=== FOCAL COEFFICIENTS (x_i) ===
              model    term estimate     se   p_value sig
M1_rep.2     M1_rep   x_rep   0.4986 0.2626 5.963e-02   *
M1_pop.2     M1_pop   x_pop   0.3611 0.2148 9.444e-02   *
M1_brand.2 M1_brand x_brand   1.5289 0.2355 1.267e-09 ***
M2_rep.2     M2_rep   x_rep   1.3351 0.4112 1.385e-03 ***
M2_rep.3     M2_rep x_brand  -0.3014 0.3137 3.379e-01    
M2_rep.4     M2_rep   x_pop  -0.2168 0.3134 4.900e-01    
M2_pop.2     M2_pop   x_pop   0.5340 0.4680 2.560e-01    
M2_pop.3     M2_pop x_brand  -0.1860 0.3759 6.216e-01    
M2_pop.4     M2_pop   x_rep   0.2536 0.3774 5.028e-01    
M2_brand.2 M2_brand x_brand   1.0347 0.4323 1.801e-02  **
M2_brand.3 M2_brand   x_rep  -0.2860 0.3602 4.286e-01    
M2_brand.4 M2_brand   x_pop   0.4068 0.3631 2.644e-01    
M3_rep.2     M3_rep   x_rep   0.4576 0.2690 8.953e-02   *
M3_pop.2     M3_pop   x_pop   0.3677 0.2184 9.285e-02   *
M3_brand.2 M3_brand x_brand   1.5028 0.2409 9.772e-10 ***
