=== POSTERIOR PROBABILITIES (normal approximation) ===
draws: 2e+05 | relevance band: 0.26 - 0.33 Likert points

--- point estimates the draws are centred on ---
  brand +1.050 | reputation +0.848 | popularity +0.221

--- probabilities ---
 question                                                           probability_pct
 brand effect is positive                                           100.0%         
 reputation effect is positive                                      100.0%         
 popularity effect is positive                                      96.6%          
 brand is ahead of reputation                                       88.2%          
 brand is ahead of popularity                                       100.0%         
 reputation is ahead of popularity                                  100.0%         
 the full ranking brand > reputation > popularity holds             88.1%          
 brand and reputation are within 0.26 points of each other          62.9%          
 brand and reputation are within 0.33 points of each other          77.2%          
 the popularity effect is smaller than 0.26 points                  62.7%          
 the popularity effect is smaller than 0.33 points                  81.6%          
 brand is ahead of reputation BEFORE any comparison                 99.1%          
 brand is ahead of reputation AFTER other apps were seen            44.1%          
 the brand-reputation gap shrinks once other apps are seen          97.9%          
 the popularity effect is positive BEFORE any comparison            99.0%          
 the popularity effect is smaller than 0.26 points AFTER comparison 87.5%          

=== HOW TO READ THIS ===
These are statements about the effects given the data, not about hypothetical
repetitions of the experiment. A probability near 50% means the data are
silent on the question; one near 100% means they settle it. They are read
alongside the frequentist results, not instead of them: both come from the
same model and the same data, so they cannot disagree about the evidence,
only about how it is phrased.
