=== EXTENDED FIGURES ===

Messaggio di avvertimento:
`geom_errorbarh()` was deprecated in ggplot2 4.0.0.
ℹ Please use the `orientation` argument of `geom_errorbar()` instead. 
`height` was translated to `width`.
  written: fig_05_pooling_gain.png 
  written: fig_06_by_position.png 
`height` was translated to `width`.
  written: fig_07_equivalence.png 
  fig 08: model correlation = -0.61 | correlation of the plotted points = -0.83
  written: fig_08_heterogeneity.png 
  written: fig_09_scale_cutpoints.png 
`height` was translated to `width`.
  written: fig_10_sequence.png 
`height` was translated to `width`.
  written: fig_11_quality.png 
`height` was translated to `width`.
  written: fig_12_demographics.png 

figures now in F:/GitHub/mobile-app-download-determinants-update/analysis/outputs/figures :
 [1] "fig_01_focal_effects.png"       "fig_02_slide6_subgroup.png"     "fig_03_comparison.png"         
 [4] "fig_04_specification_curve.png" "fig_05_pooling_gain.png"        "fig_06_by_position.png"        
 [7] "fig_07_equivalence.png"         "fig_08_heterogeneity.png"       "fig_09_scale_cutpoints.png"    
[10] "fig_10_sequence.png"            "fig_11_quality.png"             "fig_12_demographics.png"       
